// Jest Snapshot v1, https://goo.gl/fbAQLP

exports[`renders the App component 1`] = `
<div
  className="App"
>
  <header
    className="App-header"
  >
    <img
      alt="logo"
      className="App-logo"
      src="logo.svg"
    />
    <p>
      Edit 
      <code>
        src/App.js
      </code>
       and 
      <em>
        save
      </em>
       to reload.
    </p>
    <a
      className="App-link"
      href="https://reactjs.org"
      rel="noopener noreferrer"
      target="_blank"
    >
      React! React! React! React! React!
    </a>
  </header>
</div>
`;
